--------------------------------------------------------------------------------------
Timing Analyzer Summary
--------------------------------------------------------------------------------------

Type           : Worst-case tco
Slack          : N/A
Required Time  : None
Actual Time    : 16.543 ns
From           : Controle:inst4|ALUControl[2]
To             : overfloww
From Clock     : clk
To Clock       : --
Failed Paths   : 0

Type           : Clock Setup: 'clk'
Slack          : N/A
Required Time  : None
Actual Time    : 67.17 MHz ( period = 14.888 ns )
From           : LS:inst14|LSOut[29]
To             : Banco_reg:Reg_Control|Reg3[29]
From Clock     : clk
To Clock       : clk
Failed Paths   : 0

Type           : Clock Hold: 'clk'
Slack          : Not operational: Clock Skew > Data Delay
Required Time  : None
Actual Time    : N/A
From           : Registrador:B_Control|Saida[1]
To             : SS:inst15|toWriteData[1]
From Clock     : clk
To Clock       : clk
Failed Paths   : 184

Type           : Total number of failed paths
Slack          : 
Required Time  : 
Actual Time    : 
From           : 
To             : 
From Clock     : 
To Clock       : 
Failed Paths   : 184

--------------------------------------------------------------------------------------

