--------------------------------------------------------------------------------------
Timing Analyzer Summary
--------------------------------------------------------------------------------------

Type           : Worst-case tco
Slack          : N/A
Required Time  : None
Actual Time    : 16.111 ns
From           : Registrador:PCWrite|Saida[5]
To             : S[29]
From Clock     : clk
To Clock       : --
Failed Paths   : 0

Type           : Clock Setup: 'clk'
Slack          : N/A
Required Time  : None
Actual Time    : 80.81 MHz ( period = 12.374 ns )
From           : LS:inst14|LSOut[21]
To             : Banco_reg:Reg_Control|Reg4[21]
From Clock     : clk
To Clock       : clk
Failed Paths   : 0

Type           : Clock Hold: 'clk'
Slack          : Not operational: Clock Skew > Data Delay
Required Time  : None
Actual Time    : N/A
From           : Registrador:MDRReg|Saida[5]
To             : LS:inst14|LSOut[5]
From Clock     : clk
To Clock       : clk
Failed Paths   : 183

Type           : Total number of failed paths
Slack          : 
Required Time  : 
Actual Time    : 
From           : 
To             : 
From Clock     : 
To Clock       : 
Failed Paths   : 183

--------------------------------------------------------------------------------------

